------------------------------------------------------------
Timing Analyzer Summary
------------------------------------------------------------

Type  : Slow 1200mV 85C Model Setup 'clk_in'
Slack : -4.755
TNS   : -154.713

Type  : Slow 1200mV 85C Model Setup 'out_clk_positive~reg0'
Slack : -1.685
TNS   : -16.344

Type  : Slow 1200mV 85C Model Hold 'clk_in'
Slack : 0.436
TNS   : 0.000

Type  : Slow 1200mV 85C Model Hold 'out_clk_positive~reg0'
Slack : 0.747
TNS   : 0.000

Type  : Slow 1200mV 85C Model Recovery 'out_clk_positive~reg0'
Slack : -0.557
TNS   : -7.241

Type  : Slow 1200mV 85C Model Removal 'out_clk_positive~reg0'
Slack : 0.815
TNS   : 0.000

Type  : Slow 1200mV 85C Model Minimum Pulse Width 'clk_in'
Slack : -3.000
TNS   : -66.941

Type  : Slow 1200mV 85C Model Minimum Pulse Width 'out_clk_positive~reg0'
Slack : -1.487
TNS   : -19.331

Type  : Slow 1200mV 0C Model Setup 'clk_in'
Slack : -4.381
TNS   : -141.352

Type  : Slow 1200mV 0C Model Setup 'out_clk_positive~reg0'
Slack : -1.413
TNS   : -13.462

Type  : Slow 1200mV 0C Model Hold 'clk_in'
Slack : 0.384
TNS   : 0.000

Type  : Slow 1200mV 0C Model Hold 'out_clk_positive~reg0'
Slack : 0.696
TNS   : 0.000

Type  : Slow 1200mV 0C Model Recovery 'out_clk_positive~reg0'
Slack : -0.461
TNS   : -5.993

Type  : Slow 1200mV 0C Model Removal 'out_clk_positive~reg0'
Slack : 0.667
TNS   : 0.000

Type  : Slow 1200mV 0C Model Minimum Pulse Width 'clk_in'
Slack : -3.000
TNS   : -66.941

Type  : Slow 1200mV 0C Model Minimum Pulse Width 'out_clk_positive~reg0'
Slack : -1.487
TNS   : -19.331

Type  : Fast 1200mV 0C Model Setup 'clk_in'
Slack : -1.457
TNS   : -41.883

Type  : Fast 1200mV 0C Model Setup 'out_clk_positive~reg0'
Slack : -0.163
TNS   : -0.558

Type  : Fast 1200mV 0C Model Hold 'clk_in'
Slack : 0.179
TNS   : 0.000

Type  : Fast 1200mV 0C Model Hold 'out_clk_positive~reg0'
Slack : 0.298
TNS   : 0.000

Type  : Fast 1200mV 0C Model Recovery 'out_clk_positive~reg0'
Slack : 0.309
TNS   : 0.000

Type  : Fast 1200mV 0C Model Removal 'out_clk_positive~reg0'
Slack : 0.282
TNS   : 0.000

Type  : Fast 1200mV 0C Model Minimum Pulse Width 'clk_in'
Slack : -3.000
TNS   : -48.348

Type  : Fast 1200mV 0C Model Minimum Pulse Width 'out_clk_positive~reg0'
Slack : -1.000
TNS   : -13.000

------------------------------------------------------------
